<?xml version="1.0" encoding="ISO-8859-1" ?>
<link_info>
   <banner>MSP430 Linker PC v18.12.3.LTS</banner>
   <copyright>Copyright (c) 2003-2018 Texas Instruments Incorporated</copyright>
   <link_time>0x5dc58813</link_time>
   <link_errors>0x0</link_errors>
   <output_file>I2C_TEST.out</output_file>
   <entry_point>
      <name>_c_int00_noinit_noargs</name>
      <address>0xda8e</address>
   </entry_point>
   <input_file_list>
      <input_file id="fl-2">
         <path>.\</path>
         <kind>object</kind>
         <file>hal_LCD.obj</file>
         <name>hal_LCD.obj</name>
      </input_file>
      <input_file id="fl-3">
         <path>.\</path>
         <kind>object</kind>
         <file>main.obj</file>
         <name>main.obj</name>
      </input_file>
      <input_file id="fl-4">
         <path>.\</path>
         <kind>object</kind>
         <file>mem24lc512.obj</file>
         <name>mem24lc512.obj</name>
      </input_file>
      <input_file id="fl-5">
         <path>.\</path>
         <kind>object</kind>
         <file>mlx90614.obj</file>
         <name>mlx90614.obj</name>
      </input_file>
      <input_file id="fl-6">
         <path>.\</path>
         <kind>object</kind>
         <file>sht3.obj</file>
         <name>sht3.obj</name>
      </input_file>
      <input_file id="fl-7">
         <path>.\driverlib\MSP430FR2xx_4xx\</path>
         <kind>object</kind>
         <file>adc.obj</file>
         <name>adc.obj</name>
      </input_file>
      <input_file id="fl-8">
         <path>.\driverlib\MSP430FR2xx_4xx\</path>
         <kind>object</kind>
         <file>crc.obj</file>
         <name>crc.obj</name>
      </input_file>
      <input_file id="fl-9">
         <path>.\driverlib\MSP430FR2xx_4xx\</path>
         <kind>object</kind>
         <file>cs.obj</file>
         <name>cs.obj</name>
      </input_file>
      <input_file id="fl-a">
         <path>.\driverlib\MSP430FR2xx_4xx\</path>
         <kind>object</kind>
         <file>ecomp.obj</file>
         <name>ecomp.obj</name>
      </input_file>
      <input_file id="fl-b">
         <path>.\driverlib\MSP430FR2xx_4xx\</path>
         <kind>object</kind>
         <file>eusci_a_spi.obj</file>
         <name>eusci_a_spi.obj</name>
      </input_file>
      <input_file id="fl-c">
         <path>.\driverlib\MSP430FR2xx_4xx\</path>
         <kind>object</kind>
         <file>eusci_a_uart.obj</file>
         <name>eusci_a_uart.obj</name>
      </input_file>
      <input_file id="fl-d">
         <path>.\driverlib\MSP430FR2xx_4xx\</path>
         <kind>object</kind>
         <file>eusci_b_i2c.obj</file>
         <name>eusci_b_i2c.obj</name>
      </input_file>
      <input_file id="fl-e">
         <path>.\driverlib\MSP430FR2xx_4xx\</path>
         <kind>object</kind>
         <file>eusci_b_spi.obj</file>
         <name>eusci_b_spi.obj</name>
      </input_file>
      <input_file id="fl-f">
         <path>.\driverlib\MSP430FR2xx_4xx\</path>
         <kind>object</kind>
         <file>framctl.obj</file>
         <name>framctl.obj</name>
      </input_file>
      <input_file id="fl-10">
         <path>.\driverlib\MSP430FR2xx_4xx\</path>
         <kind>object</kind>
         <file>gpio.obj</file>
         <name>gpio.obj</name>
      </input_file>
      <input_file id="fl-11">
         <path>.\driverlib\MSP430FR2xx_4xx\</path>
         <kind>object</kind>
         <file>icc.obj</file>
         <name>icc.obj</name>
      </input_file>
      <input_file id="fl-12">
         <path>.\driverlib\MSP430FR2xx_4xx\</path>
         <kind>object</kind>
         <file>lcd_e.obj</file>
         <name>lcd_e.obj</name>
      </input_file>
      <input_file id="fl-13">
         <path>.\driverlib\MSP430FR2xx_4xx\</path>
         <kind>object</kind>
         <file>mpy32.obj</file>
         <name>mpy32.obj</name>
      </input_file>
      <input_file id="fl-14">
         <path>.\driverlib\MSP430FR2xx_4xx\</path>
         <kind>object</kind>
         <file>pmm.obj</file>
         <name>pmm.obj</name>
      </input_file>
      <input_file id="fl-15">
         <path>.\driverlib\MSP430FR2xx_4xx\</path>
         <kind>object</kind>
         <file>rtc.obj</file>
         <name>rtc.obj</name>
      </input_file>
      <input_file id="fl-16">
         <path>.\driverlib\MSP430FR2xx_4xx\</path>
         <kind>object</kind>
         <file>sac.obj</file>
         <name>sac.obj</name>
      </input_file>
      <input_file id="fl-17">
         <path>.\driverlib\MSP430FR2xx_4xx\</path>
         <kind>object</kind>
         <file>sfr.obj</file>
         <name>sfr.obj</name>
      </input_file>
      <input_file id="fl-18">
         <path>.\driverlib\MSP430FR2xx_4xx\</path>
         <kind>object</kind>
         <file>sysctl.obj</file>
         <name>sysctl.obj</name>
      </input_file>
      <input_file id="fl-19">
         <path>.\driverlib\MSP430FR2xx_4xx\</path>
         <kind>object</kind>
         <file>tia.obj</file>
         <name>tia.obj</name>
      </input_file>
      <input_file id="fl-1a">
         <path>.\driverlib\MSP430FR2xx_4xx\</path>
         <kind>object</kind>
         <file>timer_a.obj</file>
         <name>timer_a.obj</name>
      </input_file>
      <input_file id="fl-1b">
         <path>.\driverlib\MSP430FR2xx_4xx\</path>
         <kind>object</kind>
         <file>timer_b.obj</file>
         <name>timer_b.obj</name>
      </input_file>
      <input_file id="fl-1c">
         <path>.\driverlib\MSP430FR2xx_4xx\</path>
         <kind>object</kind>
         <file>tlv.obj</file>
         <name>tlv.obj</name>
      </input_file>
      <input_file id="fl-1d">
         <path>.\driverlib\MSP430FR2xx_4xx\</path>
         <kind>object</kind>
         <file>wdt_a.obj</file>
         <name>wdt_a.obj</name>
      </input_file>
      <input_file id="fl-22">
         <kind>object</kind>
         <file>&lt;internal&gt;</file>
         <name>&lt;internal&gt;</name>
      </input_file>
      <input_file id="fl-38">
         <path>C:\ti\ccs910\ccs\tools\compiler\ti-cgt-msp430_18.12.3.LTS\lib\</path>
         <kind>archive</kind>
         <file>rts430x_lc_rd_eabi.lib</file>
         <name>div16s.asm.obj</name>
      </input_file>
      <input_file id="fl-39">
         <path>C:\ti\ccs910\ccs\tools\compiler\ti-cgt-msp430_18.12.3.LTS\lib\</path>
         <kind>archive</kind>
         <file>rts430x_lc_rd_eabi.lib</file>
         <name>div16u.asm.obj</name>
      </input_file>
      <input_file id="fl-3a">
         <path>C:\ti\ccs910\ccs\tools\compiler\ti-cgt-msp430_18.12.3.LTS\lib\</path>
         <kind>archive</kind>
         <file>rts430x_lc_rd_eabi.lib</file>
         <name>div32s.asm.obj</name>
      </input_file>
      <input_file id="fl-3b">
         <path>C:\ti\ccs910\ccs\tools\compiler\ti-cgt-msp430_18.12.3.LTS\lib\</path>
         <kind>archive</kind>
         <file>rts430x_lc_rd_eabi.lib</file>
         <name>div32u.asm.obj</name>
      </input_file>
      <input_file id="fl-3c">
         <path>C:\ti\ccs910\ccs\tools\compiler\ti-cgt-msp430_18.12.3.LTS\lib\</path>
         <kind>archive</kind>
         <file>rts430x_lc_rd_eabi.lib</file>
         <name>fs_add.asm.obj</name>
      </input_file>
      <input_file id="fl-3d">
         <path>C:\ti\ccs910\ccs\tools\compiler\ti-cgt-msp430_18.12.3.LTS\lib\</path>
         <kind>archive</kind>
         <file>rts430x_lc_rd_eabi.lib</file>
         <name>fs_mpy.asm.obj</name>
      </input_file>
      <input_file id="fl-3e">
         <path>C:\ti\ccs910\ccs\tools\compiler\ti-cgt-msp430_18.12.3.LTS\lib\</path>
         <kind>archive</kind>
         <file>rts430x_lc_rd_eabi.lib</file>
         <name>fs_toi.asm.obj</name>
      </input_file>
      <input_file id="fl-3f">
         <path>C:\ti\ccs910\ccs\tools\compiler\ti-cgt-msp430_18.12.3.LTS\lib\</path>
         <kind>archive</kind>
         <file>rts430x_lc_rd_eabi.lib</file>
         <name>fs_tou.asm.obj</name>
      </input_file>
      <input_file id="fl-40">
         <path>C:\ti\ccs910\ccs\tools\compiler\ti-cgt-msp430_18.12.3.LTS\lib\</path>
         <kind>archive</kind>
         <file>rts430x_lc_rd_eabi.lib</file>
         <name>fs_utof.asm.obj</name>
      </input_file>
      <input_file id="fl-41">
         <path>C:\ti\ccs910\ccs\tools\compiler\ti-cgt-msp430_18.12.3.LTS\lib\</path>
         <kind>archive</kind>
         <file>rts430x_lc_rd_eabi.lib</file>
         <name>int45.asm.obj</name>
      </input_file>
      <input_file id="fl-42">
         <path>C:\ti\ccs910\ccs\tools\compiler\ti-cgt-msp430_18.12.3.LTS\lib\</path>
         <kind>archive</kind>
         <file>rts430x_lc_rd_eabi.lib</file>
         <name>int46.asm.obj</name>
      </input_file>
      <input_file id="fl-43">
         <path>C:\ti\ccs910\ccs\tools\compiler\ti-cgt-msp430_18.12.3.LTS\lib\</path>
         <kind>archive</kind>
         <file>rts430x_lc_rd_eabi.lib</file>
         <name>int47.asm.obj</name>
      </input_file>
      <input_file id="fl-44">
         <path>C:\ti\ccs910\ccs\tools\compiler\ti-cgt-msp430_18.12.3.LTS\lib\</path>
         <kind>archive</kind>
         <file>rts430x_lc_rd_eabi.lib</file>
         <name>int48.asm.obj</name>
      </input_file>
      <input_file id="fl-45">
         <path>C:\ti\ccs910\ccs\tools\compiler\ti-cgt-msp430_18.12.3.LTS\lib\</path>
         <kind>archive</kind>
         <file>rts430x_lc_rd_eabi.lib</file>
         <name>int49.asm.obj</name>
      </input_file>
      <input_file id="fl-46">
         <path>C:\ti\ccs910\ccs\tools\compiler\ti-cgt-msp430_18.12.3.LTS\lib\</path>
         <kind>archive</kind>
         <file>rts430x_lc_rd_eabi.lib</file>
         <name>int50.asm.obj</name>
      </input_file>
      <input_file id="fl-47">
         <path>C:\ti\ccs910\ccs\tools\compiler\ti-cgt-msp430_18.12.3.LTS\lib\</path>
         <kind>archive</kind>
         <file>rts430x_lc_rd_eabi.lib</file>
         <name>int51.asm.obj</name>
      </input_file>
      <input_file id="fl-48">
         <path>C:\ti\ccs910\ccs\tools\compiler\ti-cgt-msp430_18.12.3.LTS\lib\</path>
         <kind>archive</kind>
         <file>rts430x_lc_rd_eabi.lib</file>
         <name>int52.asm.obj</name>
      </input_file>
      <input_file id="fl-49">
         <path>C:\ti\ccs910\ccs\tools\compiler\ti-cgt-msp430_18.12.3.LTS\lib\</path>
         <kind>archive</kind>
         <file>rts430x_lc_rd_eabi.lib</file>
         <name>int53.asm.obj</name>
      </input_file>
      <input_file id="fl-4a">
         <path>C:\ti\ccs910\ccs\tools\compiler\ti-cgt-msp430_18.12.3.LTS\lib\</path>
         <kind>archive</kind>
         <file>rts430x_lc_rd_eabi.lib</file>
         <name>int54.asm.obj</name>
      </input_file>
      <input_file id="fl-4b">
         <path>C:\ti\ccs910\ccs\tools\compiler\ti-cgt-msp430_18.12.3.LTS\lib\</path>
         <kind>archive</kind>
         <file>rts430x_lc_rd_eabi.lib</file>
         <name>int56.asm.obj</name>
      </input_file>
      <input_file id="fl-4c">
         <path>C:\ti\ccs910\ccs\tools\compiler\ti-cgt-msp430_18.12.3.LTS\lib\</path>
         <kind>archive</kind>
         <file>rts430x_lc_rd_eabi.lib</file>
         <name>int57.asm.obj</name>
      </input_file>
      <input_file id="fl-4d">
         <path>C:\ti\ccs910\ccs\tools\compiler\ti-cgt-msp430_18.12.3.LTS\lib\</path>
         <kind>archive</kind>
         <file>rts430x_lc_rd_eabi.lib</file>
         <name>int58.asm.obj</name>
      </input_file>
      <input_file id="fl-4e">
         <path>C:\ti\ccs910\ccs\tools\compiler\ti-cgt-msp430_18.12.3.LTS\lib\</path>
         <kind>archive</kind>
         <file>rts430x_lc_rd_eabi.lib</file>
         <name>isr_trap.asm.obj</name>
      </input_file>
      <input_file id="fl-4f">
         <path>C:\ti\ccs910\ccs\tools\compiler\ti-cgt-msp430_18.12.3.LTS\lib\</path>
         <kind>archive</kind>
         <file>rts430x_lc_rd_eabi.lib</file>
         <name>lsl16.asm.obj</name>
      </input_file>
      <input_file id="fl-50">
         <path>C:\ti\ccs910\ccs\tools\compiler\ti-cgt-msp430_18.12.3.LTS\lib\</path>
         <kind>archive</kind>
         <file>rts430x_lc_rd_eabi.lib</file>
         <name>lsr16.asm.obj</name>
      </input_file>
      <input_file id="fl-51">
         <path>C:\ti\ccs910\ccs\tools\compiler\ti-cgt-msp430_18.12.3.LTS\lib\</path>
         <kind>archive</kind>
         <file>rts430x_lc_rd_eabi.lib</file>
         <name>mult32.asm.obj</name>
      </input_file>
      <input_file id="fl-52">
         <path>C:\ti\ccs910\ccs\tools\compiler\ti-cgt-msp430_18.12.3.LTS\lib\</path>
         <kind>archive</kind>
         <file>rts430x_lc_rd_eabi.lib</file>
         <name>boot.c.obj</name>
      </input_file>
      <input_file id="fl-53">
         <path>C:\ti\ccs910\ccs\tools\compiler\ti-cgt-msp430_18.12.3.LTS\lib\</path>
         <kind>archive</kind>
         <file>rts430x_lc_rd_eabi.lib</file>
         <name>autoinit.c.obj</name>
      </input_file>
      <input_file id="fl-54">
         <path>C:\ti\ccs910\ccs\tools\compiler\ti-cgt-msp430_18.12.3.LTS\lib\</path>
         <kind>archive</kind>
         <file>rts430x_lc_rd_eabi.lib</file>
         <name>copy_zero_init.c.obj</name>
      </input_file>
      <input_file id="fl-55">
         <path>C:\ti\ccs910\ccs\tools\compiler\ti-cgt-msp430_18.12.3.LTS\lib\</path>
         <kind>archive</kind>
         <file>rts430x_lc_rd_eabi.lib</file>
         <name>cpy_tbl.c.obj</name>
      </input_file>
      <input_file id="fl-56">
         <path>C:\ti\ccs910\ccs\tools\compiler\ti-cgt-msp430_18.12.3.LTS\lib\</path>
         <kind>archive</kind>
         <file>rts430x_lc_rd_eabi.lib</file>
         <name>mpu_init.c.obj</name>
      </input_file>
      <input_file id="fl-57">
         <path>C:\ti\ccs910\ccs\tools\compiler\ti-cgt-msp430_18.12.3.LTS\lib\</path>
         <kind>archive</kind>
         <file>rts430x_lc_rd_eabi.lib</file>
         <name>pre_init.c.obj</name>
      </input_file>
      <input_file id="fl-58">
         <path>C:\ti\ccs910\ccs\tools\compiler\ti-cgt-msp430_18.12.3.LTS\lib\</path>
         <kind>archive</kind>
         <file>rts430x_lc_rd_eabi.lib</file>
         <name>startup.c.obj</name>
      </input_file>
      <input_file id="fl-59">
         <path>C:\ti\ccs910\ccs\tools\compiler\ti-cgt-msp430_18.12.3.LTS\lib\</path>
         <kind>archive</kind>
         <file>rts430x_lc_rd_eabi.lib</file>
         <name>copy_decompress_none.c.obj</name>
      </input_file>
      <input_file id="fl-5a">
         <path>C:\ti\ccs910\ccs\tools\compiler\ti-cgt-msp430_18.12.3.LTS\lib\</path>
         <kind>archive</kind>
         <file>rts430x_lc_rd_eabi.lib</file>
         <name>copy_decompress_lzss.c.obj</name>
      </input_file>
      <input_file id="fl-5b">
         <path>C:\ti\ccs910\ccs\tools\compiler\ti-cgt-msp430_18.12.3.LTS\lib\</path>
         <kind>archive</kind>
         <file>rts430x_lc_rd_eabi.lib</file>
         <name>cvtdf.c.obj</name>
      </input_file>
      <input_file id="fl-5c">
         <path>C:\ti\ccs910\ccs\tools\compiler\ti-cgt-msp430_18.12.3.LTS\lib\</path>
         <kind>archive</kind>
         <file>rts430x_lc_rd_eabi.lib</file>
         <name>cvtfd.c.obj</name>
      </input_file>
      <input_file id="fl-5d">
         <path>C:\ti\ccs910\ccs\tools\compiler\ti-cgt-msp430_18.12.3.LTS\lib\</path>
         <kind>archive</kind>
         <file>rts430x_lc_rd_eabi.lib</file>
         <name>mpyd.c.obj</name>
      </input_file>
      <input_file id="fl-5e">
         <path>C:\ti\ccs910\ccs\tools\compiler\ti-cgt-msp430_18.12.3.LTS\lib\</path>
         <kind>archive</kind>
         <file>rts430x_lc_rd_eabi.lib</file>
         <name>subd.c.obj</name>
      </input_file>
      <input_file id="fl-5f">
         <path>C:\ti\ccs910\ccs\tools\compiler\ti-cgt-msp430_18.12.3.LTS\lib\</path>
         <kind>archive</kind>
         <file>rts430x_lc_rd_eabi.lib</file>
         <name>exit.c.obj</name>
      </input_file>
      <input_file id="fl-60">
         <path>C:\ti\ccs910\ccs\tools\compiler\ti-cgt-msp430_18.12.3.LTS\lib\</path>
         <kind>archive</kind>
         <file>rts430x_lc_rd_eabi.lib</file>
         <name>_lock.c.obj</name>
      </input_file>
      <input_file id="fl-61">
         <path>C:\ti\ccs910\ccs\tools\compiler\ti-cgt-msp430_18.12.3.LTS\lib\</path>
         <kind>archive</kind>
         <file>rts430x_lc_rd_eabi.lib</file>
         <name>args_main.c.obj</name>
      </input_file>
      <input_file id="fl-62">
         <path>C:\ti\ccs910\ccs\tools\compiler\ti-cgt-msp430_18.12.3.LTS\lib\</path>
         <kind>archive</kind>
         <file>rts430x_lc_rd_eabi.lib</file>
         <name>memcpy.c.obj</name>
      </input_file>
      <input_file id="fl-63">
         <path>C:\ti\ccs910\ccs\tools\compiler\ti-cgt-msp430_18.12.3.LTS\lib\</path>
         <kind>archive</kind>
         <file>rts430x_lc_rd_eabi.lib</file>
         <name>strlen.c.obj</name>
      </input_file>
      <input_file id="fl-64">
         <path>C:\ti\ccs910\ccs\tools\compiler\ti-cgt-msp430_18.12.3.LTS\lib\</path>
         <kind>archive</kind>
         <file>rts430x_lc_rd_eabi.lib</file>
         <name>asr32.asm.obj</name>
      </input_file>
      <input_file id="fl-65">
         <path>C:\ti\ccs910\ccs\tools\compiler\ti-cgt-msp430_18.12.3.LTS\lib\</path>
         <kind>archive</kind>
         <file>rts430x_lc_rd_eabi.lib</file>
         <name>lsl32.asm.obj</name>
      </input_file>
      <input_file id="fl-66">
         <path>C:\ti\ccs910\ccs\tools\compiler\ti-cgt-msp430_18.12.3.LTS\lib\</path>
         <kind>archive</kind>
         <file>rts430x_lc_rd_eabi.lib</file>
         <name>mult16.asm.obj</name>
      </input_file>
      <input_file id="fl-67">
         <path>C:\ti\ccs910\ccs\tools\compiler\ti-cgt-msp430_18.12.3.LTS\lib\</path>
         <kind>archive</kind>
         <file>rts430x_lc_rd_eabi.lib</file>
         <name>exit_gvars.c.obj</name>
      </input_file>
      <input_file id="fl-68">
         <path>C:\ti\ccs910\ccs\tools\compiler\ti-cgt-msp430_18.12.3.LTS\lib\</path>
         <kind>archive</kind>
         <file>rts430x_lc_rd_eabi.lib</file>
         <name>lsr64.c.obj</name>
      </input_file>
      <input_file id="fl-69">
         <path>C:\ti\ccs910\ccs\tools\compiler\ti-cgt-msp430_18.12.3.LTS\lib\</path>
         <kind>archive</kind>
         <file>rts430x_lc_rd_eabi.lib</file>
         <name>addd.c.obj</name>
      </input_file>
      <input_file id="fl-6a">
         <path>C:\ti\ccs910\ccs\tools\compiler\ti-cgt-msp430_18.12.3.LTS\lib\</path>
         <kind>archive</kind>
         <file>rts430x_lc_rd_eabi.lib</file>
         <name>frcaddd.c.obj</name>
      </input_file>
      <input_file id="fl-6b">
         <path>C:\ti\ccs910\ccs\tools\compiler\ti-cgt-msp430_18.12.3.LTS\lib\</path>
         <kind>archive</kind>
         <file>rts430x_lc_rd_eabi.lib</file>
         <name>frcmpyd.c.obj</name>
      </input_file>
      <input_file id="fl-6c">
         <path>C:\ti\ccs910\ccs\tools\compiler\ti-cgt-msp430_18.12.3.LTS\lib\</path>
         <kind>archive</kind>
         <file>rts430x_lc_rd_eabi.lib</file>
         <name>renormd.c.obj</name>
      </input_file>
      <input_file id="fl-6d">
         <path>C:\ti\ccs910\ccs\tools\compiler\ti-cgt-msp430_18.12.3.LTS\lib\</path>
         <kind>archive</kind>
         <file>rts430x_lc_rd_eabi.lib</file>
         <name>lsr32.asm.obj</name>
      </input_file>
   </input_file_list>
   <object_component_list>
      <object_component id="oc-54d">
         <name>.binit</name>
         <load_address>0xc400</load_address>
         <run_address>0xc400</run_address>
         <size>0x0</size>
      </object_component>
      <object_component id="oc-412">
         <name>.const:alphabetBig</name>
         <load_address>0xc400</load_address>
         <run_address>0xc400</run_address>
         <size>0x34</size>
         <input_file_ref idref="fl-2"/>
      </object_component>
      <object_component id="oc-415">
         <name>.const:digit</name>
         <load_address>0xc434</load_address>
         <run_address>0xc434</run_address>
         <size>0x14</size>
         <input_file_ref idref="fl-2"/>
      </object_component>
      <object_component id="oc-3bf">
         <name>.const:LCD_E_INIT_PARAM</name>
         <load_address>0xc448</load_address>
         <run_address>0xc448</run_address>
         <size>0xa</size>
         <input_file_ref idref="fl-12"/>
      </object_component>
      <object_component id="oc-4c2">
         <name>.text:__mspabi_addd</name>
         <load_address>0xc452</load_address>
         <run_address>0xc452</run_address>
         <size>0x2e0</size>
         <input_file_ref idref="fl-69"/>
      </object_component>
      <object_component id="oc-4b5">
         <name>.text:__TI_frcmpyd</name>
         <load_address>0xc732</load_address>
         <run_address>0xc732</run_address>
         <size>0x280</size>
         <input_file_ref idref="fl-6b"/>
      </object_component>
      <object_component id="oc-42e">
         <name>.text:__mspabi_mpyd</name>
         <load_address>0xc9b2</load_address>
         <run_address>0xc9b2</run_address>
         <size>0x266</size>
         <input_file_ref idref="fl-5d"/>
      </object_component>
      <object_component id="oc-510">
         <name>.text:__TI_frcaddd</name>
         <load_address>0xcc18</load_address>
         <run_address>0xcc18</run_address>
         <size>0x248</size>
         <input_file_ref idref="fl-6a"/>
      </object_component>
      <object_component id="oc-2ff">
         <name>.text:main</name>
         <load_address>0xce60</load_address>
         <run_address>0xce60</run_address>
         <size>0x16e</size>
         <input_file_ref idref="fl-3"/>
      </object_component>
      <object_component id="oc-368">
         <name>.text:getTemp</name>
         <load_address>0xcfce</load_address>
         <run_address>0xcfce</run_address>
         <size>0xde</size>
         <input_file_ref idref="fl-5"/>
      </object_component>
      <object_component id="oc-3e6">
         <name>.text:LCD_E_setPinAsCOM</name>
         <load_address>0xd0ac</load_address>
         <run_address>0xd0ac</run_address>
         <size>0xda</size>
         <input_file_ref idref="fl-12"/>
      </object_component>
      <object_component id="oc-327">
         <name>.text:Init_LCD</name>
         <load_address>0xd186</load_address>
         <run_address>0xd186</run_address>
         <size>0xca</size>
         <input_file_ref idref="fl-2"/>
      </object_component>
      <object_component id="oc-53a">
         <name>.text:__TI_renormd</name>
         <load_address>0xd250</load_address>
         <run_address>0xd250</run_address>
         <size>0xb2</size>
         <input_file_ref idref="fl-6c"/>
      </object_component>
      <object_component id="oc-333">
         <name>.text:getData</name>
         <load_address>0xd302</load_address>
         <run_address>0xd302</run_address>
         <size>0x98</size>
         <input_file_ref idref="fl-6"/>
      </object_component>
      <object_component id="oc-43a">
         <name>.text:__mspabi_cvtdf</name>
         <load_address>0xd39a</load_address>
         <run_address>0xd39a</run_address>
         <size>0x8c</size>
         <input_file_ref idref="fl-5b"/>
      </object_component>
      <object_component id="oc-3b9">
         <name>.text:LCD_E_setPinAsLCDFunctionEx</name>
         <load_address>0xd426</load_address>
         <run_address>0xd426</run_address>
         <size>0x8a</size>
         <input_file_ref idref="fl-12"/>
      </object_component>
      <object_component id="oc-345">
         <name>.text:showChar</name>
         <load_address>0xd4b0</load_address>
         <run_address>0xd4b0</run_address>
         <size>0x86</size>
         <input_file_ref idref="fl-2"/>
      </object_component>
      <object_component id="oc-350">
         <name>.text:configure</name>
         <load_address>0xd536</load_address>
         <run_address>0xd536</run_address>
         <size>0x70</size>
         <input_file_ref idref="fl-4"/>
      </object_component>
      <object_component id="oc-356">
         <name>.text:byteWrite</name>
         <load_address>0xd5a6</load_address>
         <run_address>0xd5a6</run_address>
         <size>0x68</size>
         <input_file_ref idref="fl-4"/>
      </object_component>
      <object_component id="oc-36e">
         <name>.text</name>
         <load_address>0xd60e</load_address>
         <run_address>0xd60e</run_address>
         <size>0x68</size>
         <input_file_ref idref="fl-3e"/>
      </object_component>
      <object_component id="oc-428">
         <name>.text:__mspabi_cvtfd</name>
         <load_address>0xd676</load_address>
         <run_address>0xd676</run_address>
         <size>0x64</size>
         <input_file_ref idref="fl-5c"/>
      </object_component>
      <object_component id="oc-35c">
         <name>.text:ackPolling</name>
         <load_address>0xd6da</load_address>
         <run_address>0xd6da</run_address>
         <size>0x5c</size>
         <input_file_ref idref="fl-4"/>
      </object_component>
      <object_component id="oc-40b">
         <name>.text</name>
         <load_address>0xd736</load_address>
         <run_address>0xd736</run_address>
         <size>0x58</size>
         <input_file_ref idref="fl-3b"/>
      </object_component>
      <object_component id="oc-4aa">
         <name>.text:l_asr_const</name>
         <load_address>0xd78e</load_address>
         <run_address>0xd78e</run_address>
         <size>0x3e</size>
         <input_file_ref idref="fl-64"/>
      </object_component>
      <object_component id="oc-4c9">
         <name>.text:l_lsl_const</name>
         <load_address>0xd7cc</load_address>
         <run_address>0xd7cc</run_address>
         <size>0x3e</size>
         <input_file_ref idref="fl-65"/>
      </object_component>
      <object_component id="oc-507">
         <name>.text:l_lsr_const</name>
         <load_address>0xd80a</load_address>
         <run_address>0xd80a</run_address>
         <size>0x3e</size>
         <input_file_ref idref="fl-6d"/>
      </object_component>
      <object_component id="oc-32d">
         <name>.text:configureMasterTxS</name>
         <load_address>0xd848</load_address>
         <run_address>0xd848</run_address>
         <size>0x3a</size>
         <input_file_ref idref="fl-6"/>
      </object_component>
      <object_component id="oc-434">
         <name>.text:__mspabi_subd</name>
         <load_address>0xd882</load_address>
         <run_address>0xd882</run_address>
         <size>0x32</size>
         <input_file_ref idref="fl-5e"/>
      </object_component>
      <object_component id="oc-362">
         <name>.text:configureMasterTxM</name>
         <load_address>0xd8b4</load_address>
         <run_address>0xd8b4</run_address>
         <size>0x32</size>
         <input_file_ref idref="fl-5"/>
      </object_component>
      <object_component id="oc-482">
         <name>.text:setLCDFunction</name>
         <load_address>0xd8e6</load_address>
         <run_address>0xd8e6</run_address>
         <size>0x32</size>
         <input_file_ref idref="fl-12"/>
      </object_component>
      <object_component id="oc-34b">
         <name>.text</name>
         <load_address>0xd918</load_address>
         <run_address>0xd918</run_address>
         <size>0x2c</size>
         <input_file_ref idref="fl-38"/>
      </object_component>
      <object_component id="oc-3c2">
         <name>.text:LCD_E_init</name>
         <load_address>0xd944</load_address>
         <run_address>0xd944</run_address>
         <size>0x28</size>
         <input_file_ref idref="fl-12"/>
      </object_component>
      <object_component id="oc-339">
         <name>.text:calculateTemp</name>
         <load_address>0xd96c</load_address>
         <run_address>0xd96c</run_address>
         <size>0x26</size>
         <input_file_ref idref="fl-6"/>
      </object_component>
      <object_component id="oc-406">
         <name>.text</name>
         <load_address>0xd992</load_address>
         <run_address>0xd992</run_address>
         <size>0x26</size>
         <input_file_ref idref="fl-51"/>
      </object_component>
      <object_component id="oc-33f">
         <name>.text:calculateHum</name>
         <load_address>0xd9b8</load_address>
         <run_address>0xd9b8</run_address>
         <size>0x24</size>
         <input_file_ref idref="fl-6"/>
      </object_component>
      <object_component id="oc-423">
         <name>.text</name>
         <load_address>0xd9dc</load_address>
         <run_address>0xd9dc</run_address>
         <size>0x24</size>
         <input_file_ref idref="fl-40"/>
      </object_component>
      <object_component id="oc-3c8">
         <name>.text:LCD_E_setVLCDSource</name>
         <load_address>0xda00</load_address>
         <run_address>0xda00</run_address>
         <size>0x1a</size>
         <input_file_ref idref="fl-12"/>
      </object_component>
      <object_component id="oc-29c">
         <name>.text:_isr:Timer0_A0</name>
         <load_address>0xda1a</load_address>
         <run_address>0xda1a</run_address>
         <size>0x1a</size>
         <input_file_ref idref="fl-5"/>
      </object_component>
      <object_component id="oc-3ec">
         <name>.text:LCD_E_selectDisplayMemory</name>
         <load_address>0xda34</load_address>
         <run_address>0xda34</run_address>
         <size>0x18</size>
         <input_file_ref idref="fl-12"/>
      </object_component>
      <object_component id="oc-3da">
         <name>.text:LCD_E_setChargePumpFreq</name>
         <load_address>0xda4c</load_address>
         <run_address>0xda4c</run_address>
         <size>0x16</size>
         <input_file_ref idref="fl-12"/>
      </object_component>
      <object_component id="oc-3ce">
         <name>.text:LCD_E_setVLCDVoltage</name>
         <load_address>0xda62</load_address>
         <run_address>0xda62</run_address>
         <size>0x16</size>
         <input_file_ref idref="fl-12"/>
      </object_component>
      <object_component id="oc-419">
         <name>.text</name>
         <load_address>0xda78</load_address>
         <run_address>0xda78</run_address>
         <size>0x16</size>
         <input_file_ref idref="fl-39"/>
      </object_component>
      <object_component id="oc-2ae">
         <name>.text:_isr:_c_int00_noinit_noargs</name>
         <load_address>0xda8e</load_address>
         <run_address>0xda8e</run_address>
         <size>0x14</size>
         <input_file_ref idref="fl-52"/>
      </object_component>
      <object_component id="oc-28a">
         <name>.text:memcpy</name>
         <load_address>0xdaa2</load_address>
         <run_address>0xdaa2</run_address>
         <size>0x14</size>
         <input_file_ref idref="fl-62"/>
      </object_component>
      <object_component id="oc-535">
         <name>.text:l_asr</name>
         <load_address>0xdab6</load_address>
         <run_address>0xdab6</run_address>
         <size>0x10</size>
         <input_file_ref idref="fl-64"/>
      </object_component>
      <object_component id="oc-52b">
         <name>.text:l_lsl</name>
         <load_address>0xdac6</load_address>
         <run_address>0xdac6</run_address>
         <size>0x10</size>
         <input_file_ref idref="fl-65"/>
      </object_component>
      <object_component id="oc-530">
         <name>.text:l_lsr</name>
         <load_address>0xdad6</load_address>
         <run_address>0xdad6</run_address>
         <size>0x10</size>
         <input_file_ref idref="fl-6d"/>
      </object_component>
      <object_component id="oc-3e0">
         <name>.text:LCD_E_clearAllMemory</name>
         <load_address>0xdae6</load_address>
         <run_address>0xdae6</run_address>
         <size>0xc</size>
         <input_file_ref idref="fl-12"/>
      </object_component>
      <object_component id="oc-3d4">
         <name>.text:LCD_E_enableChargePump</name>
         <load_address>0xdaf2</load_address>
         <run_address>0xdaf2</run_address>
         <size>0xc</size>
         <input_file_ref idref="fl-12"/>
      </object_component>
      <object_component id="oc-3f2">
         <name>.text:LCD_E_on</name>
         <load_address>0xdafe</load_address>
         <run_address>0xdafe</run_address>
         <size>0xc</size>
         <input_file_ref idref="fl-12"/>
      </object_component>
      <object_component id="oc-488">
         <name>.text</name>
         <load_address>0xdb0a</load_address>
         <run_address>0xdb0a</run_address>
         <size>0xa</size>
         <input_file_ref idref="fl-4f"/>
      </object_component>
      <object_component id="oc-47d">
         <name>.text</name>
         <load_address>0xdb14</load_address>
         <run_address>0xdb14</run_address>
         <size>0xa</size>
         <input_file_ref idref="fl-50"/>
      </object_component>
      <object_component id="oc-297">
         <name>.text:_isr:__TI_ISR_TRAP</name>
         <load_address>0xdb1e</load_address>
         <run_address>0xdb1e</run_address>
         <size>0x8</size>
         <input_file_ref idref="fl-4e"/>
      </object_component>
      <object_component id="oc-37a">
         <name>.text:abort</name>
         <load_address>0xdb26</load_address>
         <run_address>0xdb26</run_address>
         <size>0x6</size>
         <input_file_ref idref="fl-5f"/>
      </object_component>
      <object_component id="oc-2f9">
         <name>.text:_system_pre_init</name>
         <load_address>0xdb2c</load_address>
         <run_address>0xdb2c</run_address>
         <size>0x4</size>
         <input_file_ref idref="fl-57"/>
      </object_component>
      <object_component id="oc-27b">
         <name>.stack</name>
         <uninitialized>true</uninitialized>
         <run_address>0x2760</run_address>
         <size>0x4</size>
         <input_file_ref idref="fl-52"/>
      </object_component>
      <object_component id="oc-5b6">
         <name>.stack</name>
         <uninitialized>true</uninitialized>
         <run_address>0x2760</run_address>
         <size>0x0</size>
      </object_component>
      <object_component id="oc-70">
         <name>.int45</name>
         <load_address>0xffe2</load_address>
         <run_address>0xffe2</run_address>
         <size>0x2</size>
         <input_file_ref idref="fl-41"/>
      </object_component>
      <object_component id="oc-71">
         <name>.int46</name>
         <load_address>0xffe4</load_address>
         <run_address>0xffe4</run_address>
         <size>0x2</size>
         <input_file_ref idref="fl-42"/>
      </object_component>
      <object_component id="oc-72">
         <name>.int47</name>
         <load_address>0xffe6</load_address>
         <run_address>0xffe6</run_address>
         <size>0x2</size>
         <input_file_ref idref="fl-43"/>
      </object_component>
      <object_component id="oc-73">
         <name>.int48</name>
         <load_address>0xffe8</load_address>
         <run_address>0xffe8</run_address>
         <size>0x2</size>
         <input_file_ref idref="fl-44"/>
      </object_component>
      <object_component id="oc-74">
         <name>.int49</name>
         <load_address>0xffea</load_address>
         <run_address>0xffea</run_address>
         <size>0x2</size>
         <input_file_ref idref="fl-45"/>
      </object_component>
      <object_component id="oc-75">
         <name>.int50</name>
         <load_address>0xffec</load_address>
         <run_address>0xffec</run_address>
         <size>0x2</size>
         <input_file_ref idref="fl-46"/>
      </object_component>
      <object_component id="oc-76">
         <name>.int51</name>
         <load_address>0xffee</load_address>
         <run_address>0xffee</run_address>
         <size>0x2</size>
         <input_file_ref idref="fl-47"/>
      </object_component>
      <object_component id="oc-77">
         <name>.int52</name>
         <load_address>0xfff0</load_address>
         <run_address>0xfff0</run_address>
         <size>0x2</size>
         <input_file_ref idref="fl-48"/>
      </object_component>
      <object_component id="oc-78">
         <name>.int53</name>
         <load_address>0xfff2</load_address>
         <run_address>0xfff2</run_address>
         <size>0x2</size>
         <input_file_ref idref="fl-49"/>
      </object_component>
      <object_component id="oc-79">
         <name>.int54</name>
         <load_address>0xfff4</load_address>
         <run_address>0xfff4</run_address>
         <size>0x2</size>
         <input_file_ref idref="fl-4a"/>
      </object_component>
      <object_component id="oc-7a">
         <name>.int55</name>
         <load_address>0xfff6</load_address>
         <run_address>0xfff6</run_address>
         <size>0x2</size>
         <input_file_ref idref="fl-5"/>
      </object_component>
      <object_component id="oc-7b">
         <name>.int56</name>
         <load_address>0xfff8</load_address>
         <run_address>0xfff8</run_address>
         <size>0x2</size>
         <input_file_ref idref="fl-4b"/>
      </object_component>
      <object_component id="oc-7c">
         <name>.int57</name>
         <load_address>0xfffa</load_address>
         <run_address>0xfffa</run_address>
         <size>0x2</size>
         <input_file_ref idref="fl-4c"/>
      </object_component>
      <object_component id="oc-7d">
         <name>.int58</name>
         <load_address>0xfffc</load_address>
         <run_address>0xfffc</run_address>
         <size>0x2</size>
         <input_file_ref idref="fl-4d"/>
      </object_component>
      <object_component id="oc-27e">
         <name>.reset</name>
         <load_address>0xfffe</load_address>
         <run_address>0xfffe</run_address>
         <size>0x2</size>
         <input_file_ref idref="fl-52"/>
      </object_component>
      <object_component id="oc-4a5">
         <name>.debug_info</name>
         <load_address>0x0</load_address>
         <run_address>0x0</run_address>
         <size>0x49a</size>
         <input_file_ref idref="fl-2"/>
      </object_component>
      <object_component id="oc-416">
         <name>.debug_info</name>
         <load_address>0x49a</load_address>
         <run_address>0x49a</run_address>
         <size>0xdc</size>
         <input_file_ref idref="fl-2"/>
      </object_component>
      <object_component id="oc-413">
         <name>.debug_info</name>
         <load_address>0x576</load_address>
         <run_address>0x576</run_address>
         <size>0xe8</size>
         <input_file_ref idref="fl-2"/>
      </object_component>
      <object_component id="oc-346">
         <name>.debug_info</name>
         <load_address>0x65e</load_address>
         <run_address>0x65e</run_address>
         <size>0x16e</size>
         <input_file_ref idref="fl-2"/>
      </object_component>
      <object_component id="oc-329">
         <name>.debug_info</name>
         <load_address>0x7cc</load_address>
         <run_address>0x7cc</run_address>
         <size>0x2ac</size>
         <input_file_ref idref="fl-2"/>
      </object_component>
      <object_component id="oc-445">
         <name>.debug_info</name>
         <load_address>0xa78</load_address>
         <run_address>0xa78</run_address>
         <size>0x26b</size>
         <input_file_ref idref="fl-2"/>
      </object_component>
      <object_component id="oc-3f9">
         <name>.debug_info</name>
         <load_address>0xce3</load_address>
         <run_address>0xce3</run_address>
         <size>0x9e</size>
         <input_file_ref idref="fl-2"/>
      </object_component>
      <object_component id="oc-285">
         <name>.debug_info</name>
         <load_address>0xd81</load_address>
         <run_address>0xd81</run_address>
         <size>0x84</size>
         <input_file_ref idref="fl-2"/>
      </object_component>
      <object_component id="oc-49c">
         <name>.debug_info</name>
         <load_address>0xe05</load_address>
         <run_address>0xe05</run_address>
         <size>0x275</size>
         <input_file_ref idref="fl-2"/>
      </object_component>
      <object_component id="oc-401">
         <name>.debug_info</name>
         <load_address>0x107a</load_address>
         <run_address>0x107a</run_address>
         <size>0xbb</size>
         <input_file_ref idref="fl-2"/>
      </object_component>
      <object_component id="oc-2e8">
         <name>.debug_info</name>
         <load_address>0x1135</load_address>
         <run_address>0x1135</run_address>
         <size>0x2c</size>
         <input_file_ref idref="fl-2"/>
      </object_component>
      <object_component id="oc-379">
         <name>.debug_info</name>
         <load_address>0x1161</load_address>
         <run_address>0x1161</run_address>
         <size>0x3da</size>
         <input_file_ref idref="fl-3"/>
      </object_component>
      <object_component id="oc-300">
         <name>.debug_info</name>
         <load_address>0x153b</load_address>
         <run_address>0x153b</run_address>
         <size>0x365</size>
         <input_file_ref idref="fl-3"/>
      </object_component>
      <object_component id="oc-374">
         <name>.debug_info</name>
         <load_address>0x18a0</load_address>
         <run_address>0x18a0</run_address>
         <size>0x8b</size>
         <input_file_ref idref="fl-3"/>
      </object_component>
      <object_component id="oc-35d">
         <name>.debug_info</name>
         <load_address>0x192b</load_address>
         <run_address>0x192b</run_address>
         <size>0x11f</size>
         <input_file_ref idref="fl-4"/>
      </object_component>
      <object_component id="oc-351">
         <name>.debug_info</name>
         <load_address>0x1a4a</load_address>
         <run_address>0x1a4a</run_address>
         <size>0x11d</size>
         <input_file_ref idref="fl-4"/>
      </object_component>
      <object_component id="oc-357">
         <name>.debug_info</name>
         <load_address>0x1b67</load_address>
         <run_address>0x1b67</run_address>
         <size>0x193</size>
         <input_file_ref idref="fl-4"/>
      </object_component>
      <object_component id="oc-441">
         <name>.debug_info</name>
         <load_address>0x1cfa</load_address>
         <run_address>0x1cfa</run_address>
         <size>0x390</size>
         <input_file_ref idref="fl-5"/>
      </object_component>
      <object_component id="oc-369">
         <name>.debug_info</name>
         <load_address>0x208a</load_address>
         <run_address>0x208a</run_address>
         <size>0x21d</size>
         <input_file_ref idref="fl-5"/>
      </object_component>
      <object_component id="oc-363">
         <name>.debug_info</name>
         <load_address>0x22a7</load_address>
         <run_address>0x22a7</run_address>
         <size>0x129</size>
         <input_file_ref idref="fl-5"/>
      </object_component>
      <object_component id="oc-29d">
         <name>.debug_info</name>
         <load_address>0x23d0</load_address>
         <run_address>0x23d0</run_address>
         <size>0x118</size>
         <input_file_ref idref="fl-5"/>
      </object_component>
      <object_component id="oc-400">
         <name>.debug_info</name>
         <load_address>0x24e8</load_address>
         <run_address>0x24e8</run_address>
         <size>0x244</size>
         <input_file_ref idref="fl-6"/>
      </object_component>
      <object_component id="oc-336">
         <name>.debug_info</name>
         <load_address>0x272c</load_address>
         <run_address>0x272c</run_address>
         <size>0x13c</size>
         <input_file_ref idref="fl-6"/>
      </object_component>
      <object_component id="oc-32f">
         <name>.debug_info</name>
         <load_address>0x2868</load_address>
         <run_address>0x2868</run_address>
         <size>0x11d</size>
         <input_file_ref idref="fl-6"/>
      </object_component>
      <object_component id="oc-33a">
         <name>.debug_info</name>
         <load_address>0x2985</load_address>
         <run_address>0x2985</run_address>
         <size>0x17b</size>
         <input_file_ref idref="fl-6"/>
      </object_component>
      <object_component id="oc-340">
         <name>.debug_info</name>
         <load_address>0x2b00</load_address>
         <run_address>0x2b00</run_address>
         <size>0x177</size>
         <input_file_ref idref="fl-6"/>
      </object_component>
      <object_component id="oc-490">
         <name>.debug_info</name>
         <load_address>0x2c77</load_address>
         <run_address>0x2c77</run_address>
         <size>0x175</size>
         <input_file_ref idref="fl-12"/>
      </object_component>
      <object_component id="oc-3c0">
         <name>.debug_info</name>
         <load_address>0x2dec</load_address>
         <run_address>0x2dec</run_address>
         <size>0x10a</size>
         <input_file_ref idref="fl-12"/>
      </object_component>
      <object_component id="oc-3cf">
         <name>.debug_info</name>
         <load_address>0x2ef6</load_address>
         <run_address>0x2ef6</run_address>
         <size>0x1de</size>
         <input_file_ref idref="fl-12"/>
      </object_component>
      <object_component id="oc-3c9">
         <name>.debug_info</name>
         <load_address>0x30d4</load_address>
         <run_address>0x30d4</run_address>
         <size>0x1e4</size>
         <input_file_ref idref="fl-12"/>
      </object_component>
      <object_component id="oc-483">
         <name>.debug_info</name>
         <load_address>0x32b8</load_address>
         <run_address>0x32b8</run_address>
         <size>0x1d0</size>
         <input_file_ref idref="fl-12"/>
      </object_component>
      <object_component id="oc-3ba">
         <name>.debug_info</name>
         <load_address>0x3488</load_address>
         <run_address>0x3488</run_address>
         <size>0x337</size>
         <input_file_ref idref="fl-12"/>
      </object_component>
      <object_component id="oc-3e7">
         <name>.debug_info</name>
         <load_address>0x37bf</load_address>
         <run_address>0x37bf</run_address>
         <size>0x232</size>
         <input_file_ref idref="fl-12"/>
      </object_component>
      <object_component id="oc-3dc">
         <name>.debug_info</name>
         <load_address>0x39f1</load_address>
         <run_address>0x39f1</run_address>
         <size>0x1d8</size>
         <input_file_ref idref="fl-12"/>
      </object_component>
      <object_component id="oc-3ee">
         <name>.debug_info</name>
         <load_address>0x3bc9</load_address>
         <run_address>0x3bc9</run_address>
         <size>0x200</size>
         <input_file_ref idref="fl-12"/>
      </object_component>
      <object_component id="oc-3f4">
         <name>.debug_info</name>
         <load_address>0x3dc9</load_address>
         <run_address>0x3dc9</run_address>
         <size>0x198</size>
         <input_file_ref idref="fl-12"/>
      </object_component>
      <object_component id="oc-3c4">
         <name>.debug_info</name>
         <load_address>0x3f61</load_address>
         <run_address>0x3f61</run_address>
         <size>0x1d6</size>
         <input_file_ref idref="fl-12"/>
      </object_component>
      <object_component id="oc-3d6">
         <name>.debug_info</name>
         <load_address>0x4137</load_address>
         <run_address>0x4137</run_address>
         <size>0x195</size>
         <input_file_ref idref="fl-12"/>
      </object_component>
      <object_component id="oc-3e2">
         <name>.debug_info</name>
         <load_address>0x42cc</load_address>
         <run_address>0x42cc</run_address>
         <size>0x191</size>
         <input_file_ref idref="fl-12"/>
      </object_component>
      <object_component id="oc-34c">
         <name>.debug_info</name>
         <load_address>0x445d</load_address>
         <run_address>0x445d</run_address>
         <size>0x136</size>
         <input_file_ref idref="fl-38"/>
      </object_component>
      <object_component id="oc-41a">
         <name>.debug_info</name>
         <load_address>0x4593</load_address>
         <run_address>0x4593</run_address>
         <size>0x122</size>
         <input_file_ref idref="fl-39"/>
      </object_component>
      <object_component id="oc-40c">
         <name>.debug_info</name>
         <load_address>0x46b5</load_address>
         <run_address>0x46b5</run_address>
         <size>0x124</size>
         <input_file_ref idref="fl-3b"/>
      </object_component>
      <object_component id="oc-36f">
         <name>.debug_info</name>
         <load_address>0x47d9</load_address>
         <run_address>0x47d9</run_address>
         <size>0x136</size>
         <input_file_ref idref="fl-3e"/>
      </object_component>
      <object_component id="oc-424">
         <name>.debug_info</name>
         <load_address>0x490f</load_address>
         <run_address>0x490f</run_address>
         <size>0x125</size>
         <input_file_ref idref="fl-40"/>
      </object_component>
      <object_component id="oc-299">
         <name>.debug_info</name>
         <load_address>0x4a34</load_address>
         <run_address>0x4a34</run_address>
         <size>0x110</size>
         <input_file_ref idref="fl-4e"/>
      </object_component>
      <object_component id="oc-489">
         <name>.debug_info</name>
         <load_address>0x4b44</load_address>
         <run_address>0x4b44</run_address>
         <size>0x121</size>
         <input_file_ref idref="fl-4f"/>
      </object_component>
      <object_component id="oc-47f">
         <name>.debug_info</name>
         <load_address>0x4c65</load_address>
         <run_address>0x4c65</run_address>
         <size>0x121</size>
         <input_file_ref idref="fl-50"/>
      </object_component>
      <object_component id="oc-408">
         <name>.debug_info</name>
         <load_address>0x4d86</load_address>
         <run_address>0x4d86</run_address>
         <size>0x122</size>
         <input_file_ref idref="fl-51"/>
      </object_component>
      <object_component id="oc-27c">
         <name>.debug_info</name>
         <load_address>0x4ea8</load_address>
         <run_address>0x4ea8</run_address>
         <size>0x101</size>
         <input_file_ref idref="fl-52"/>
      </object_component>
      <object_component id="oc-2b0">
         <name>.debug_info</name>
         <load_address>0x4fa9</load_address>
         <run_address>0x4fa9</run_address>
         <size>0x178</size>
         <input_file_ref idref="fl-52"/>
      </object_component>
      <object_component id="oc-2fa">
         <name>.debug_info</name>
         <load_address>0x5121</load_address>
         <run_address>0x5121</run_address>
         <size>0x154</size>
         <input_file_ref idref="fl-57"/>
      </object_component>
      <object_component id="oc-4cf">
         <name>.debug_info</name>
         <load_address>0x5275</load_address>
         <run_address>0x5275</run_address>
         <size>0x16b</size>
         <input_file_ref idref="fl-5b"/>
      </object_component>
      <object_component id="oc-43e">
         <name>.debug_info</name>
         <load_address>0x53e0</load_address>
         <run_address>0x53e0</run_address>
         <size>0x1ac</size>
         <input_file_ref idref="fl-5b"/>
      </object_component>
      <object_component id="oc-4b0">
         <name>.debug_info</name>
         <load_address>0x558c</load_address>
         <run_address>0x558c</run_address>
         <size>0xdb</size>
         <input_file_ref idref="fl-5b"/>
      </object_component>
      <object_component id="oc-42a">
         <name>.debug_info</name>
         <load_address>0x5667</load_address>
         <run_address>0x5667</run_address>
         <size>0x19d</size>
         <input_file_ref idref="fl-5c"/>
      </object_component>
      <object_component id="oc-4c1">
         <name>.debug_info</name>
         <load_address>0x5804</load_address>
         <run_address>0x5804</run_address>
         <size>0x1a8</size>
         <input_file_ref idref="fl-5d"/>
      </object_component>
      <object_component id="oc-42f">
         <name>.debug_info</name>
         <load_address>0x59ac</load_address>
         <run_address>0x59ac</run_address>
         <size>0x264</size>
         <input_file_ref idref="fl-5d"/>
      </object_component>
      <object_component id="oc-4bc">
         <name>.debug_info</name>
         <load_address>0x5c10</load_address>
         <run_address>0x5c10</run_address>
         <size>0x94</size>
         <input_file_ref idref="fl-5d"/>
      </object_component>
      <object_component id="oc-437">
         <name>.debug_info</name>
         <load_address>0x5ca4</load_address>
         <run_address>0x5ca4</run_address>
         <size>0x1a4</size>
         <input_file_ref idref="fl-5e"/>
      </object_component>
      <object_component id="oc-37c">
         <name>.debug_info</name>
         <load_address>0x5e48</load_address>
         <run_address>0x5e48</run_address>
         <size>0x123</size>
         <input_file_ref idref="fl-5f"/>
      </object_component>
      <object_component id="oc-2e7">
         <name>.debug_info</name>
         <load_address>0x5f6b</load_address>
         <run_address>0x5f6b</run_address>
         <size>0x19b</size>
         <input_file_ref idref="fl-62"/>
      </object_component>
      <object_component id="oc-28e">
         <name>.debug_info</name>
         <load_address>0x6106</load_address>
         <run_address>0x6106</run_address>
         <size>0x17b</size>
         <input_file_ref idref="fl-62"/>
      </object_component>
      <object_component id="oc-538">
         <name>.debug_info</name>
         <load_address>0x6281</load_address>
         <run_address>0x6281</run_address>
         <size>0x121</size>
         <input_file_ref idref="fl-64"/>
      </object_component>
      <object_component id="oc-4ad">
         <name>.debug_info</name>
         <load_address>0x63a2</load_address>
         <run_address>0x63a2</run_address>
         <size>0x127</size>
         <input_file_ref idref="fl-64"/>
      </object_component>
      <object_component id="oc-52d">
         <name>.debug_info</name>
         <load_address>0x64c9</load_address>
         <run_address>0x64c9</run_address>
         <size>0x121</size>
         <input_file_ref idref="fl-65"/>
      </object_component>
      <object_component id="oc-4ca">
         <name>.debug_info</name>
         <load_address>0x65ea</load_address>
         <run_address>0x65ea</run_address>
         <size>0x127</size>
         <input_file_ref idref="fl-65"/>
      </object_component>
      <object_component id="oc-517">
         <name>.debug_info</name>
         <load_address>0x6711</load_address>
         <run_address>0x6711</run_address>
         <size>0x1ad</size>
         <input_file_ref idref="fl-69"/>
      </object_component>
      <object_component id="oc-4c5">
         <name>.debug_info</name>
         <load_address>0x68be</load_address>
         <run_address>0x68be</run_address>
         <size>0x229</size>
         <input_file_ref idref="fl-69"/>
      </object_component>
      <object_component id="oc-541">
         <name>.debug_info</name>
         <load_address>0x6ae7</load_address>
         <run_address>0x6ae7</run_address>
         <size>0x1ab</size>
         <input_file_ref idref="fl-6a"/>
      </object_component>
      <object_component id="oc-511">
         <name>.debug_info</name>
         <load_address>0x6c92</load_address>
         <run_address>0x6c92</run_address>
         <size>0x2bd</size>
         <input_file_ref idref="fl-6a"/>
      </object_component>
      <object_component id="oc-50d">
         <name>.debug_info</name>
         <load_address>0x6f4f</load_address>
         <run_address>0x6f4f</run_address>
         <size>0x17d</size>
         <input_file_ref idref="fl-6b"/>
      </object_component>
      <object_component id="oc-4b6">
         <name>.debug_info</name>
         <load_address>0x70cc</load_address>
         <run_address>0x70cc</run_address>
         <size>0x33e</size>
         <input_file_ref idref="fl-6b"/>
      </object_component>
      <object_component id="oc-548">
         <name>.debug_info</name>
         <load_address>0x740a</load_address>
         <run_address>0x740a</run_address>
         <size>0x17d</size>
         <input_file_ref idref="fl-6c"/>
      </object_component>
      <object_component id="oc-53b">
         <name>.debug_info</name>
         <load_address>0x7587</load_address>
         <run_address>0x7587</run_address>
         <size>0x1de</size>
         <input_file_ref idref="fl-6c"/>
      </object_component>
      <object_component id="oc-531">
         <name>.debug_info</name>
         <load_address>0x7765</load_address>
         <run_address>0x7765</run_address>
         <size>0x121</size>
         <input_file_ref idref="fl-6d"/>
      </object_component>
      <object_component id="oc-508">
         <name>.debug_info</name>
         <load_address>0x7886</load_address>
         <run_address>0x7886</run_address>
         <size>0x127</size>
         <input_file_ref idref="fl-6d"/>
      </object_component>
      <object_component id="oc-5b7">
         <name>.debug_info</name>
         <load_address>0x79ad</load_address>
         <run_address>0x79ad</run_address>
         <size>0xae</size>
      </object_component>
      <object_component id="oc-505">
         <name>.debug_line</name>
         <load_address>0x0</load_address>
         <run_address>0x0</run_address>
         <size>0x107</size>
         <input_file_ref idref="fl-2"/>
      </object_component>
      <object_component id="oc-4a7">
         <name>.debug_line</name>
         <load_address>0x107</load_address>
         <run_address>0x107</run_address>
         <size>0x30</size>
         <input_file_ref idref="fl-2"/>
      </object_component>
      <object_component id="oc-4a4">
         <name>.debug_line</name>
         <load_address>0x137</load_address>
         <run_address>0x137</run_address>
         <size>0x30</size>
         <input_file_ref idref="fl-2"/>
      </object_component>
      <object_component id="oc-349">
         <name>.debug_line</name>
         <load_address>0x167</load_address>
         <run_address>0x167</run_address>
         <size>0x4a</size>
         <input_file_ref idref="fl-2"/>
      </object_component>
      <object_component id="oc-328">
         <name>.debug_line</name>
         <load_address>0x1b1</load_address>
         <run_address>0x1b1</run_address>
         <size>0x5b</size>
         <input_file_ref idref="fl-2"/>
      </object_component>
      <object_component id="oc-448">
         <name>.debug_line</name>
         <load_address>0x20c</load_address>
         <run_address>0x20c</run_address>
         <size>0x72</size>
         <input_file_ref idref="fl-2"/>
      </object_component>
      <object_component id="oc-3fc">
         <name>.debug_line</name>
         <load_address>0x27e</load_address>
         <run_address>0x27e</run_address>
         <size>0x7e</size>
         <input_file_ref idref="fl-2"/>
      </object_component>
      <object_component id="oc-288">
         <name>.debug_line</name>
         <load_address>0x2fc</load_address>
         <run_address>0x2fc</run_address>
         <size>0x20</size>
         <input_file_ref idref="fl-2"/>
      </object_component>
      <object_component id="oc-49f">
         <name>.debug_line</name>
         <load_address>0x31c</load_address>
         <run_address>0x31c</run_address>
         <size>0x76</size>
         <input_file_ref idref="fl-2"/>
      </object_component>
      <object_component id="oc-404">
         <name>.debug_line</name>
         <load_address>0x392</load_address>
         <run_address>0x392</run_address>
         <size>0x73</size>
         <input_file_ref idref="fl-2"/>
      </object_component>
      <object_component id="oc-2eb">
         <name>.debug_line</name>
         <load_address>0x405</load_address>
         <run_address>0x405</run_address>
         <size>0x6e</size>
         <input_file_ref idref="fl-2"/>
      </object_component>
      <object_component id="oc-444">
         <name>.debug_line</name>
         <load_address>0x473</load_address>
         <run_address>0x473</run_address>
         <size>0x9c</size>
         <input_file_ref idref="fl-3"/>
      </object_component>
      <object_component id="oc-303">
         <name>.debug_line</name>
         <load_address>0x50f</load_address>
         <run_address>0x50f</run_address>
         <size>0x6b</size>
         <input_file_ref idref="fl-3"/>
      </object_component>
      <object_component id="oc-377">
         <name>.debug_line</name>
         <load_address>0x57a</load_address>
         <run_address>0x57a</run_address>
         <size>0x20</size>
         <input_file_ref idref="fl-3"/>
      </object_component>
      <object_component id="oc-360">
         <name>.debug_line</name>
         <load_address>0x59a</load_address>
         <run_address>0x59a</run_address>
         <size>0x5d</size>
         <input_file_ref idref="fl-4"/>
      </object_component>
      <object_component id="oc-354">
         <name>.debug_line</name>
         <load_address>0x5f7</load_address>
         <run_address>0x5f7</run_address>
         <size>0x59</size>
         <input_file_ref idref="fl-4"/>
      </object_component>
      <object_component id="oc-35a">
         <name>.debug_line</name>
         <load_address>0x650</load_address>
         <run_address>0x650</run_address>
         <size>0x5f</size>
         <input_file_ref idref="fl-4"/>
      </object_component>
      <object_component id="oc-4d1">
         <name>.debug_line</name>
         <load_address>0x6af</load_address>
         <run_address>0x6af</run_address>
         <size>0x6b</size>
         <input_file_ref idref="fl-5"/>
      </object_component>
      <object_component id="oc-36c">
         <name>.debug_line</name>
         <load_address>0x71a</load_address>
         <run_address>0x71a</run_address>
         <size>0x6c</size>
         <input_file_ref idref="fl-5"/>
      </object_component>
      <object_component id="oc-367">
         <name>.debug_line</name>
         <load_address>0x786</load_address>
         <run_address>0x786</run_address>
         <size>0x4a</size>
         <input_file_ref idref="fl-5"/>
      </object_component>
      <object_component id="oc-2a0">
         <name>.debug_line</name>
         <load_address>0x7d0</load_address>
         <run_address>0x7d0</run_address>
         <size>0x4a</size>
         <input_file_ref idref="fl-5"/>
      </object_component>
      <object_component id="oc-49b">
         <name>.debug_line</name>
         <load_address>0x81a</load_address>
         <run_address>0x81a</run_address>
         <size>0x5b</size>
         <input_file_ref idref="fl-6"/>
      </object_component>
      <object_component id="oc-335">
         <name>.debug_line</name>
         <load_address>0x875</load_address>
         <run_address>0x875</run_address>
         <size>0x6b</size>
         <input_file_ref idref="fl-6"/>
      </object_component>
      <object_component id="oc-32e">
         <name>.debug_line</name>
         <load_address>0x8e0</load_address>
         <run_address>0x8e0</run_address>
         <size>0x47</size>
         <input_file_ref idref="fl-6"/>
      </object_component>
      <object_component id="oc-33e">
         <name>.debug_line</name>
         <load_address>0x927</load_address>
         <run_address>0x927</run_address>
         <size>0x49</size>
         <input_file_ref idref="fl-6"/>
      </object_component>
      <object_component id="oc-344">
         <name>.debug_line</name>
         <load_address>0x970</load_address>
         <run_address>0x970</run_address>
         <size>0x49</size>
         <input_file_ref idref="fl-6"/>
      </object_component>
      <object_component id="oc-503">
         <name>.debug_line</name>
         <load_address>0x9b9</load_address>
         <run_address>0x9b9</run_address>
         <size>0x20</size>
         <input_file_ref idref="fl-12"/>
      </object_component>
      <object_component id="oc-48f">
         <name>.debug_line</name>
         <load_address>0x9d9</load_address>
         <run_address>0x9d9</run_address>
         <size>0x48</size>
         <input_file_ref idref="fl-12"/>
      </object_component>
      <object_component id="oc-3d3">
         <name>.debug_line</name>
         <load_address>0xa21</load_address>
         <run_address>0xa21</run_address>
         <size>0x5f</size>
         <input_file_ref idref="fl-12"/>
      </object_component>
      <object_component id="oc-3cc">
         <name>.debug_line</name>
         <load_address>0xa80</load_address>
         <run_address>0xa80</run_address>
         <size>0x5f</size>
         <input_file_ref idref="fl-12"/>
      </object_component>
      <object_component id="oc-487">
         <name>.debug_line</name>
         <load_address>0xadf</load_address>
         <run_address>0xadf</run_address>
         <size>0x65</size>
         <input_file_ref idref="fl-12"/>
      </object_component>
      <object_component id="oc-3be">
         <name>.debug_line</name>
         <load_address>0xb44</load_address>
         <run_address>0xb44</run_address>
         <size>0x87</size>
         <input_file_ref idref="fl-12"/>
      </object_component>
      <object_component id="oc-3eb">
         <name>.debug_line</name>
         <load_address>0xbcb</load_address>
         <run_address>0xbcb</run_address>
         <size>0x82</size>
         <input_file_ref idref="fl-12"/>
      </object_component>
      <object_component id="oc-3de">
         <name>.debug_line</name>
         <load_address>0xc4d</load_address>
         <run_address>0xc4d</run_address>
         <size>0x5f</size>
         <input_file_ref idref="fl-12"/>
      </object_component>
      <object_component id="oc-3f1">
         <name>.debug_line</name>
         <load_address>0xcac</load_address>
         <run_address>0xcac</run_address>
         <size>0x5f</size>
         <input_file_ref idref="fl-12"/>
      </object_component>
      <object_component id="oc-3f7">
         <name>.debug_line</name>
         <load_address>0xd0b</load_address>
         <run_address>0xd0b</run_address>
         <size>0x5f</size>
         <input_file_ref idref="fl-12"/>
      </object_component>
      <object_component id="oc-3c7">
         <name>.debug_line</name>
         <load_address>0xd6a</load_address>
         <run_address>0xd6a</run_address>
         <size>0x64</size>
         <input_file_ref idref="fl-12"/>
      </object_component>
      <object_component id="oc-3d8">
         <name>.debug_line</name>
         <load_address>0xdce</load_address>
         <run_address>0xdce</run_address>
         <size>0x5e</size>
         <input_file_ref idref="fl-12"/>
      </object_component>
      <object_component id="oc-3e4">
         <name>.debug_line</name>
         <load_address>0xe2c</load_address>
         <run_address>0xe2c</run_address>
         <size>0x5e</size>
         <input_file_ref idref="fl-12"/>
      </object_component>
      <object_component id="oc-34f">
         <name>.debug_line</name>
         <load_address>0xe8a</load_address>
         <run_address>0xe8a</run_address>
         <size>0x4d</size>
         <input_file_ref idref="fl-38"/>
      </object_component>
      <object_component id="oc-41d">
         <name>.debug_line</name>
         <load_address>0xed7</load_address>
         <run_address>0xed7</run_address>
         <size>0x43</size>
         <input_file_ref idref="fl-39"/>
      </object_component>
      <object_component id="oc-40f">
         <name>.debug_line</name>
         <load_address>0xf1a</load_address>
         <run_address>0xf1a</run_address>
         <size>0x64</size>
         <input_file_ref idref="fl-3b"/>
      </object_component>
      <object_component id="oc-372">
         <name>.debug_line</name>
         <load_address>0xf7e</load_address>
         <run_address>0xf7e</run_address>
         <size>0x68</size>
         <input_file_ref idref="fl-3e"/>
      </object_component>
      <object_component id="oc-427">
         <name>.debug_line</name>
         <load_address>0xfe6</load_address>
         <run_address>0xfe6</run_address>
         <size>0x4d</size>
         <input_file_ref idref="fl-40"/>
      </object_component>
      <object_component id="oc-29b">
         <name>.debug_line</name>
         <load_address>0x1033</load_address>
         <run_address>0x1033</run_address>
         <size>0x3d</size>
         <input_file_ref idref="fl-4e"/>
      </object_component>
      <object_component id="oc-48c">
         <name>.debug_line</name>
         <load_address>0x1070</load_address>
         <run_address>0x1070</run_address>
         <size>0x3b</size>
         <input_file_ref idref="fl-4f"/>
      </object_component>
      <object_component id="oc-47e">
         <name>.debug_line</name>
         <load_address>0x10ab</load_address>
         <run_address>0x10ab</run_address>
         <size>0x3b</size>
         <input_file_ref idref="fl-50"/>
      </object_component>
      <object_component id="oc-40a">
         <name>.debug_line</name>
         <load_address>0x10e6</load_address>
         <run_address>0x10e6</run_address>
         <size>0x4b</size>
         <input_file_ref idref="fl-51"/>
      </object_component>
      <object_component id="oc-2df">
         <name>.debug_line</name>
         <load_address>0x1131</load_address>
         <run_address>0x1131</run_address>
         <size>0x2a</size>
         <input_file_ref idref="fl-52"/>
      </object_component>
      <object_component id="oc-2af">
         <name>.debug_line</name>
         <load_address>0x115b</load_address>
         <run_address>0x115b</run_address>
         <size>0x43</size>
         <input_file_ref idref="fl-52"/>
      </object_component>
      <object_component id="oc-2fd">
         <name>.debug_line</name>
         <load_address>0x119e</load_address>
         <run_address>0x119e</run_address>
         <size>0x3e</size>
         <input_file_ref idref="fl-57"/>
      </object_component>
      <object_component id="oc-51a">
         <name>.debug_line</name>
         <load_address>0x11dc</load_address>
         <run_address>0x11dc</run_address>
         <size>0x20</size>
         <input_file_ref idref="fl-5b"/>
      </object_component>
      <object_component id="oc-43d">
         <name>.debug_line</name>
         <load_address>0x11fc</load_address>
         <run_address>0x11fc</run_address>
         <size>0x6b</size>
         <input_file_ref idref="fl-5b"/>
      </object_component>
      <object_component id="oc-4b3">
         <name>.debug_line</name>
         <load_address>0x1267</load_address>
         <run_address>0x1267</run_address>
         <size>0x2e</size>
         <input_file_ref idref="fl-5b"/>
      </object_component>
      <object_component id="oc-429">
         <name>.debug_line</name>
         <load_address>0x1295</load_address>
         <run_address>0x1295</run_address>
         <size>0x56</size>
         <input_file_ref idref="fl-5c"/>
      </object_component>
      <object_component id="oc-50f">
         <name>.debug_line</name>
         <load_address>0x12eb</load_address>
         <run_address>0x12eb</run_address>
         <size>0x2d</size>
         <input_file_ref idref="fl-5d"/>
      </object_component>
      <object_component id="oc-433">
         <name>.debug_line</name>
         <load_address>0x1318</load_address>
         <run_address>0x1318</run_address>
         <size>0xfd</size>
         <input_file_ref idref="fl-5d"/>
      </object_component>
      <object_component id="oc-4bf">
         <name>.debug_line</name>
         <load_address>0x1415</load_address>
         <run_address>0x1415</run_address>
         <size>0x2e</size>
         <input_file_ref idref="fl-5d"/>
      </object_component>
      <object_component id="oc-436">
         <name>.debug_line</name>
         <load_address>0x1443</load_address>
         <run_address>0x1443</run_address>
         <size>0x4b</size>
         <input_file_ref idref="fl-5e"/>
      </object_component>
      <object_component id="oc-37b">
         <name>.debug_line</name>
         <load_address>0x148e</load_address>
         <run_address>0x148e</run_address>
         <size>0x3d</size>
         <input_file_ref idref="fl-5f"/>
      </object_component>
      <object_component id="oc-323">
         <name>.debug_line</name>
         <load_address>0x14cb</load_address>
         <run_address>0x14cb</run_address>
         <size>0x20</size>
         <input_file_ref idref="fl-62"/>
      </object_component>
      <object_component id="oc-28d">
         <name>.debug_line</name>
         <load_address>0x14eb</load_address>
         <run_address>0x14eb</run_address>
         <size>0x42</size>
         <input_file_ref idref="fl-62"/>
      </object_component>
      <object_component id="oc-537">
         <name>.debug_line</name>
         <load_address>0x152d</load_address>
         <run_address>0x152d</run_address>
         <size>0x3e</size>
         <input_file_ref idref="fl-64"/>
      </object_component>
      <object_component id="oc-4ac">
         <name>.debug_line</name>
         <load_address>0x156b</load_address>
         <run_address>0x156b</run_address>
         <size>0x56</size>
         <input_file_ref idref="fl-64"/>
      </object_component>
      <object_component id="oc-52c">
         <name>.debug_line</name>
         <load_address>0x15c1</load_address>
         <run_address>0x15c1</run_address>
         <size>0x3e</size>
         <input_file_ref idref="fl-65"/>
      </object_component>
      <object_component id="oc-4cd">
         <name>.debug_line</name>
         <load_address>0x15ff</load_address>
         <run_address>0x15ff</run_address>
         <size>0x56</size>
         <input_file_ref idref="fl-65"/>
      </object_component>
      <object_component id="oc-543">
         <name>.debug_line</name>
         <load_address>0x1655</load_address>
         <run_address>0x1655</run_address>
         <size>0x2d</size>
         <input_file_ref idref="fl-69"/>
      </object_component>
      <object_component id="oc-4c4">
         <name>.debug_line</name>
         <load_address>0x1682</load_address>
         <run_address>0x1682</run_address>
         <size>0xc9</size>
         <input_file_ref idref="fl-69"/>
      </object_component>
      <object_component id="oc-54a">
         <name>.debug_line</name>
         <load_address>0x174b</load_address>
         <run_address>0x174b</run_address>
         <size>0x2d</size>
         <input_file_ref idref="fl-6a"/>
      </object_component>
      <object_component id="oc-514">
         <name>.debug_line</name>
         <load_address>0x1778</load_address>
         <run_address>0x1778</run_address>
         <size>0xff</size>
         <input_file_ref idref="fl-6a"/>
      </object_component>
      <object_component id="oc-52a">
         <name>.debug_line</name>
         <load_address>0x1877</load_address>
         <run_address>0x1877</run_address>
         <size>0x20</size>
         <input_file_ref idref="fl-6b"/>
      </object_component>
      <object_component id="oc-4ba">
         <name>.debug_line</name>
         <load_address>0x1897</load_address>
         <run_address>0x1897</run_address>
         <size>0x96</size>
         <input_file_ref idref="fl-6b"/>
      </object_component>
      <object_component id="oc-54c">
         <name>.debug_line</name>
         <load_address>0x192d</load_address>
         <run_address>0x192d</run_address>
         <size>0x20</size>
         <input_file_ref idref="fl-6c"/>
      </object_component>
      <object_component id="oc-53f">
         <name>.debug_line</name>
         <load_address>0x194d</load_address>
         <run_address>0x194d</run_address>
         <size>0x82</size>
         <input_file_ref idref="fl-6c"/>
      </object_component>
      <object_component id="oc-534">
         <name>.debug_line</name>
         <load_address>0x19cf</load_address>
         <run_address>0x19cf</run_address>
         <size>0x41</size>
         <input_file_ref idref="fl-6d"/>
      </object_component>
      <object_component id="oc-50b">
         <name>.debug_line</name>
         <load_address>0x1a10</load_address>
         <run_address>0x1a10</run_address>
         <size>0x56</size>
         <input_file_ref idref="fl-6d"/>
      </object_component>
      <object_component id="oc-34a">
         <name>.debug_frame</name>
         <load_address>0x0</load_address>
         <run_address>0x0</run_address>
         <size>0x44</size>
         <input_file_ref idref="fl-2"/>
      </object_component>
      <object_component id="oc-32c">
         <name>.debug_frame</name>
         <load_address>0x44</load_address>
         <run_address>0x44</run_address>
         <size>0x40</size>
         <input_file_ref idref="fl-2"/>
      </object_component>
      <object_component id="oc-304">
         <name>.debug_frame</name>
         <load_address>0x84</load_address>
         <run_address>0x84</run_address>
         <size>0x40</size>
         <input_file_ref idref="fl-3"/>
      </object_component>
      <object_component id="oc-361">
         <name>.debug_frame</name>
         <load_address>0xc4</load_address>
         <run_address>0xc4</run_address>
         <size>0x3c</size>
         <input_file_ref idref="fl-4"/>
      </object_component>
      <object_component id="oc-355">
         <name>.debug_frame</name>
         <load_address>0x100</load_address>
         <run_address>0x100</run_address>
         <size>0x3c</size>
         <input_file_ref idref="fl-4"/>
      </object_component>
      <object_component id="oc-35b">
         <name>.debug_frame</name>
         <load_address>0x13c</load_address>
         <run_address>0x13c</run_address>
         <size>0x3c</size>
         <input_file_ref idref="fl-4"/>
      </object_component>
      <object_component id="oc-36d">
         <name>.debug_frame</name>
         <load_address>0x178</load_address>
         <run_address>0x178</run_address>
         <size>0x50</size>
         <input_file_ref idref="fl-5"/>
      </object_component>
      <object_component id="oc-366">
         <name>.debug_frame</name>
         <load_address>0x1c8</load_address>
         <run_address>0x1c8</run_address>
         <size>0x3c</size>
         <input_file_ref idref="fl-5"/>
      </object_component>
      <object_component id="oc-2a1">
         <name>.debug_frame</name>
         <load_address>0x204</load_address>
         <run_address>0x204</run_address>
         <size>0x3c</size>
         <input_file_ref idref="fl-5"/>
      </object_component>
      <object_component id="oc-334">
         <name>.debug_frame</name>
         <load_address>0x240</load_address>
         <run_address>0x240</run_address>
         <size>0x40</size>
         <input_file_ref idref="fl-6"/>
      </object_component>
      <object_component id="oc-332">
         <name>.debug_frame</name>
         <load_address>0x280</load_address>
         <run_address>0x280</run_address>
         <size>0x3c</size>
         <input_file_ref idref="fl-6"/>
      </object_component>
      <object_component id="oc-33d">
         <name>.debug_frame</name>
         <load_address>0x2bc</load_address>
         <run_address>0x2bc</run_address>
         <size>0x3c</size>
         <input_file_ref idref="fl-6"/>
      </object_component>
      <object_component id="oc-343">
         <name>.debug_frame</name>
         <load_address>0x2f8</load_address>
         <run_address>0x2f8</run_address>
         <size>0x3c</size>
         <input_file_ref idref="fl-6"/>
      </object_component>
      <object_component id="oc-3d2">
         <name>.debug_frame</name>
         <load_address>0x334</load_address>
         <run_address>0x334</run_address>
         <size>0x3c</size>
         <input_file_ref idref="fl-12"/>
      </object_component>
      <object_component id="oc-3cd">
         <name>.debug_frame</name>
         <load_address>0x370</load_address>
         <run_address>0x370</run_address>
         <size>0x3c</size>
         <input_file_ref idref="fl-12"/>
      </object_component>
      <object_component id="oc-486">
         <name>.debug_frame</name>
[...]
      </symbol>
      <symbol id="sm-1f4">
         <name>UCB0IE_H</name>
         <value>0x56b</value>
      </symbol>
      <symbol id="sm-1f5">
         <name>UCB0IFG</name>
         <value>0x56c</value>
      </symbol>
      <symbol id="sm-1f6">
         <name>UCB0IFG_L</name>
         <value>0x56c</value>
      </symbol>
      <symbol id="sm-1f7">
         <name>UCB0IFG_H</name>
         <value>0x56d</value>
      </symbol>
      <symbol id="sm-1f8">
         <name>UCB0IV</name>
         <value>0x56e</value>
      </symbol>
      <symbol id="sm-1f9">
         <name>WDTCTL</name>
         <value>0x1cc</value>
      </symbol>
      <symbol id="sm-1fa">
         <name>WDTCTL_L</name>
         <value>0x1cc</value>
      </symbol>
      <symbol id="sm-1fb">
         <name>WDTCTL_H</name>
         <value>0x1cd</value>
      </symbol>
      <symbol id="sm-1fc">
         <name>__STACK_SIZE</name>
         <value>0xa0</value>
      </symbol>
      <symbol id="sm-1fd">
         <name>__STACK_END</name>
         <value>0x2800</value>
      </symbol>
      <symbol id="sm-1fe">
         <name>__c_args__</name>
         <value>0xffffffff</value>
      </symbol>
      <symbol id="sm-1ff">
         <name>__TI_pprof_out_hndl</name>
         <value>0xffffffff</value>
      </symbol>
      <symbol id="sm-200">
         <name>__TI_prof_data_start</name>
         <value>0xffffffff</value>
      </symbol>
      <symbol id="sm-201">
         <name>__TI_prof_data_size</name>
         <value>0xffffffff</value>
      </symbol>
      <symbol id="sm-29b">
         <name>showChar</name>
         <value>0xd4b0</value>
         <object_component_ref idref="oc-345"/>
      </symbol>
      <symbol id="sm-29c">
         <name>Init_LCD</name>
         <value>0xd186</value>
         <object_component_ref idref="oc-327"/>
      </symbol>
      <symbol id="sm-29d">
         <name>alphabetBig</name>
         <value>0xc400</value>
         <object_component_ref idref="oc-412"/>
      </symbol>
      <symbol id="sm-29e">
         <name>digit</name>
         <value>0xc434</value>
         <object_component_ref idref="oc-415"/>
      </symbol>
      <symbol id="sm-2b0">
         <name>main</name>
         <value>0xce60</value>
         <object_component_ref idref="oc-2ff"/>
      </symbol>
      <symbol id="sm-2d4">
         <name>configure</name>
         <value>0xd536</value>
         <object_component_ref idref="oc-350"/>
      </symbol>
      <symbol id="sm-2d5">
         <name>ackPolling</name>
         <value>0xd6da</value>
         <object_component_ref idref="oc-35c"/>
      </symbol>
      <symbol id="sm-2d6">
         <name>byteWrite</name>
         <value>0xd5a6</value>
         <object_component_ref idref="oc-356"/>
      </symbol>
      <symbol id="sm-2f8">
         <name>Timer0_A0</name>
         <value>0xda1a</value>
         <object_component_ref idref="oc-29c"/>
      </symbol>
      <symbol id="sm-2f9">
         <name>__TI_int55</name>
         <value>0xfff6</value>
         <object_component_ref idref="oc-7a"/>
      </symbol>
      <symbol id="sm-2fa">
         <name>getTemp</name>
         <value>0xcfce</value>
         <object_component_ref idref="oc-368"/>
      </symbol>
      <symbol id="sm-2fb">
         <name>configureMasterTxM</name>
         <value>0xd8b4</value>
         <object_component_ref idref="oc-362"/>
      </symbol>
      <symbol id="sm-324">
         <name>calculateHum</name>
         <value>0xd9b8</value>
         <object_component_ref idref="oc-33f"/>
      </symbol>
      <symbol id="sm-325">
         <name>getData</name>
         <value>0xd302</value>
         <object_component_ref idref="oc-333"/>
      </symbol>
      <symbol id="sm-326">
         <name>configureMasterTxS</name>
         <value>0xd848</value>
         <object_component_ref idref="oc-32d"/>
      </symbol>
      <symbol id="sm-327">
         <name>calculateTemp</name>
         <value>0xd96c</value>
         <object_component_ref idref="oc-339"/>
      </symbol>
      <symbol id="sm-397">
         <name>LCD_E_clearAllMemory</name>
         <value>0xdae6</value>
         <object_component_ref idref="oc-3e0"/>
      </symbol>
      <symbol id="sm-398">
         <name>LCD_E_on</name>
         <value>0xdafe</value>
         <object_component_ref idref="oc-3f2"/>
      </symbol>
      <symbol id="sm-399">
         <name>LCD_E_setPinAsCOM</name>
         <value>0xd0ac</value>
         <object_component_ref idref="oc-3e6"/>
      </symbol>
      <symbol id="sm-39a">
         <name>LCD_E_setVLCDSource</name>
         <value>0xda00</value>
         <object_component_ref idref="oc-3c8"/>
      </symbol>
      <symbol id="sm-39b">
         <name>LCD_E_selectDisplayMemory</name>
         <value>0xda34</value>
         <object_component_ref idref="oc-3ec"/>
      </symbol>
      <symbol id="sm-39c">
         <name>LCD_E_setChargePumpFreq</name>
         <value>0xda4c</value>
         <object_component_ref idref="oc-3da"/>
      </symbol>
      <symbol id="sm-39d">
         <name>LCD_E_init</name>
         <value>0xd944</value>
         <object_component_ref idref="oc-3c2"/>
      </symbol>
      <symbol id="sm-39e">
         <name>LCD_E_enableChargePump</name>
         <value>0xdaf2</value>
         <object_component_ref idref="oc-3d4"/>
      </symbol>
      <symbol id="sm-39f">
         <name>LCD_E_setVLCDVoltage</name>
         <value>0xda62</value>
         <object_component_ref idref="oc-3ce"/>
      </symbol>
      <symbol id="sm-3a0">
         <name>LCD_E_INIT_PARAM</name>
         <value>0xc448</value>
         <object_component_ref idref="oc-3bf"/>
      </symbol>
      <symbol id="sm-3a1">
         <name>LCD_E_setPinAsLCDFunctionEx</name>
         <value>0xd426</value>
         <object_component_ref idref="oc-3b9"/>
      </symbol>
      <symbol id="sm-3b9">
         <name>__mspabi_remi</name>
         <value>0xd918</value>
         <object_component_ref idref="oc-34b"/>
      </symbol>
      <symbol id="sm-3ba">
         <name>__mspabi_divi</name>
         <value>0xd918</value>
         <object_component_ref idref="oc-34b"/>
      </symbol>
      <symbol id="sm-3c4">
         <name>__mspabi_remu</name>
         <value>0xda78</value>
         <object_component_ref idref="oc-419"/>
      </symbol>
      <symbol id="sm-3c5">
         <name>__mspabi_divu</name>
         <value>0xda78</value>
         <object_component_ref idref="oc-419"/>
      </symbol>
      <symbol id="sm-3d4">
         <name>__mspabi_remul</name>
         <value>0xd736</value>
         <object_component_ref idref="oc-40b"/>
      </symbol>
      <symbol id="sm-3d5">
         <name>__mspabi_divul</name>
         <value>0xd736</value>
         <object_component_ref idref="oc-40b"/>
      </symbol>
      <symbol id="sm-3e9">
         <name>__mspabi_fixfi</name>
         <value>0xd60e</value>
         <object_component_ref idref="oc-36e"/>
      </symbol>
      <symbol id="sm-3f5">
         <name>__mspabi_fltuf</name>
         <value>0xd9dc</value>
         <object_component_ref idref="oc-423"/>
      </symbol>
      <symbol id="sm-3f8">
         <name>__TI_int45</name>
         <value>0xffe2</value>
         <object_component_ref idref="oc-70"/>
      </symbol>
      <symbol id="sm-3fb">
         <name>__TI_int46</name>
         <value>0xffe4</value>
         <object_component_ref idref="oc-71"/>
      </symbol>
      <symbol id="sm-3fe">
         <name>__TI_int47</name>
         <value>0xffe6</value>
         <object_component_ref idref="oc-72"/>
      </symbol>
      <symbol id="sm-401">
         <name>__TI_int48</name>
         <value>0xffe8</value>
         <object_component_ref idref="oc-73"/>
      </symbol>
      <symbol id="sm-404">
         <name>__TI_int49</name>
         <value>0xffea</value>
         <object_component_ref idref="oc-74"/>
      </symbol>
      <symbol id="sm-407">
         <name>__TI_int50</name>
         <value>0xffec</value>
         <object_component_ref idref="oc-75"/>
      </symbol>
      <symbol id="sm-40a">
         <name>__TI_int51</name>
         <value>0xffee</value>
         <object_component_ref idref="oc-76"/>
      </symbol>
      <symbol id="sm-40d">
         <name>__TI_int52</name>
         <value>0xfff0</value>
         <object_component_ref idref="oc-77"/>
      </symbol>
      <symbol id="sm-410">
         <name>__TI_int53</name>
         <value>0xfff2</value>
         <object_component_ref idref="oc-78"/>
      </symbol>
      <symbol id="sm-413">
         <name>__TI_int54</name>
         <value>0xfff4</value>
         <object_component_ref idref="oc-79"/>
      </symbol>
      <symbol id="sm-416">
         <name>__TI_int56</name>
         <value>0xfff8</value>
         <object_component_ref idref="oc-7b"/>
      </symbol>
      <symbol id="sm-419">
         <name>__TI_int57</name>
         <value>0xfffa</value>
         <object_component_ref idref="oc-7c"/>
      </symbol>
      <symbol id="sm-41c">
         <name>__TI_int58</name>
         <value>0xfffc</value>
         <object_component_ref idref="oc-7d"/>
      </symbol>
      <symbol id="sm-424">
         <name>__TI_ISR_TRAP</name>
         <value>0xdb1e</value>
         <object_component_ref idref="oc-297"/>
      </symbol>
      <symbol id="sm-42d">
         <name>__mspabi_slli</name>
         <value>0xdb0a</value>
         <object_component_ref idref="oc-488"/>
      </symbol>
      <symbol id="sm-436">
         <name>__mspabi_srli</name>
         <value>0xdb14</value>
         <object_component_ref idref="oc-47d"/>
      </symbol>
      <symbol id="sm-440">
         <name>__mspabi_mpyl_sw</name>
         <value>0xd992</value>
         <object_component_ref idref="oc-406"/>
      </symbol>
      <symbol id="sm-441">
         <name>__mspabi_mpyl</name>
         <value>0xd992</value>
         <object_component_ref idref="oc-406"/>
      </symbol>
      <symbol id="sm-450">
         <name>_c_int00_noinit_noargs</name>
         <value>0xda8e</value>
         <object_component_ref idref="oc-2ae"/>
      </symbol>
      <symbol id="sm-451">
         <name>_stack</name>
         <value>0x2760</value>
         <object_component_ref idref="oc-27b"/>
      </symbol>
      <symbol id="sm-452">
         <name>_reset_vector</name>
         <value>0xfffe</value>
         <object_component_ref idref="oc-27e"/>
      </symbol>
      <symbol id="sm-45f">
         <name>_system_pre_init</name>
         <value>0xdb2c</value>
         <object_component_ref idref="oc-2f9"/>
      </symbol>
      <symbol id="sm-47a">
         <name>__mspabi_cvtdf</name>
         <value>0xd39a</value>
         <object_component_ref idref="oc-43a"/>
      </symbol>
      <symbol id="sm-488">
         <name>__mspabi_cvtfd</name>
         <value>0xd676</value>
         <object_component_ref idref="oc-428"/>
      </symbol>
      <symbol id="sm-4ae">
         <name>__mspabi_mpyd</name>
         <value>0xc9b2</value>
         <object_component_ref idref="oc-42e"/>
      </symbol>
      <symbol id="sm-4b7">
         <name>__mspabi_subd</name>
         <value>0xd882</value>
         <object_component_ref idref="oc-434"/>
      </symbol>
      <symbol id="sm-4c1">
         <name>C$$EXIT</name>
         <value>0xdb26</value>
         <object_component_ref idref="oc-37a"/>
      </symbol>
      <symbol id="sm-4c2">
         <name>abort</name>
         <value>0xdb26</value>
         <object_component_ref idref="oc-37a"/>
      </symbol>
      <symbol id="sm-4d2">
         <name>memcpy</name>
         <value>0xdaa2</value>
         <object_component_ref idref="oc-28a"/>
      </symbol>
      <symbol id="sm-4e3">
         <name>__mspabi_sral</name>
         <value>0xdab6</value>
         <object_component_ref idref="oc-535"/>
      </symbol>
      <symbol id="sm-4e4">
         <name>__mspabi_sral_15</name>
         <value>0xd78e</value>
         <object_component_ref idref="oc-4aa"/>
      </symbol>
      <symbol id="sm-4e5">
         <name>__mspabi_sral_14</name>
         <value>0xd792</value>
         <object_component_ref idref="oc-4aa"/>
      </symbol>
      <symbol id="sm-4e6">
         <name>__mspabi_sral_13</name>
         <value>0xd796</value>
         <object_component_ref idref="oc-4aa"/>
      </symbol>
      <symbol id="sm-4e7">
         <name>__mspabi_sral_12</name>
         <value>0xd79a</value>
         <object_component_ref idref="oc-4aa"/>
      </symbol>
      <symbol id="sm-4e8">
         <name>__mspabi_sral_11</name>
         <value>0xd79e</value>
         <object_component_ref idref="oc-4aa"/>
      </symbol>
      <symbol id="sm-4e9">
         <name>__mspabi_sral_10</name>
         <value>0xd7a2</value>
         <object_component_ref idref="oc-4aa"/>
      </symbol>
      <symbol id="sm-4ea">
         <name>__mspabi_sral_8</name>
         <value>0xd7aa</value>
         <object_component_ref idref="oc-4aa"/>
      </symbol>
      <symbol id="sm-4eb">
         <name>__mspabi_sral_9</name>
         <value>0xd7a6</value>
         <object_component_ref idref="oc-4aa"/>
      </symbol>
      <symbol id="sm-4ec">
         <name>__mspabi_sral_6</name>
         <value>0xd7b2</value>
         <object_component_ref idref="oc-4aa"/>
      </symbol>
      <symbol id="sm-4ed">
         <name>__mspabi_sral_7</name>
         <value>0xd7ae</value>
         <object_component_ref idref="oc-4aa"/>
      </symbol>
      <symbol id="sm-4ee">
         <name>__mspabi_sral_4</name>
         <value>0xd7ba</value>
         <object_component_ref idref="oc-4aa"/>
      </symbol>
      <symbol id="sm-4ef">
         <name>__mspabi_sral_5</name>
         <value>0xd7b6</value>
         <object_component_ref idref="oc-4aa"/>
      </symbol>
      <symbol id="sm-4f0">
         <name>__mspabi_sral_2</name>
         <value>0xd7c2</value>
         <object_component_ref idref="oc-4aa"/>
      </symbol>
      <symbol id="sm-4f1">
         <name>__mspabi_sral_3</name>
         <value>0xd7be</value>
         <object_component_ref idref="oc-4aa"/>
      </symbol>
      <symbol id="sm-4f2">
         <name>__mspabi_sral_1</name>
         <value>0xd7c6</value>
         <object_component_ref idref="oc-4aa"/>
      </symbol>
      <symbol id="sm-502">
         <name>__mspabi_slll_9</name>
         <value>0xd7e4</value>
         <object_component_ref idref="oc-4c9"/>
      </symbol>
      <symbol id="sm-503">
         <name>__mspabi_slll_8</name>
         <value>0xd7e8</value>
         <object_component_ref idref="oc-4c9"/>
      </symbol>
      <symbol id="sm-504">
         <name>__mspabi_slll_7</name>
         <value>0xd7ec</value>
         <object_component_ref idref="oc-4c9"/>
      </symbol>
      <symbol id="sm-505">
         <name>__mspabi_slll_6</name>
         <value>0xd7f0</value>
         <object_component_ref idref="oc-4c9"/>
      </symbol>
      <symbol id="sm-506">
         <name>__mspabi_slll_5</name>
         <value>0xd7f4</value>
         <object_component_ref idref="oc-4c9"/>
      </symbol>
      <symbol id="sm-507">
         <name>__mspabi_slll_4</name>
         <value>0xd7f8</value>
         <object_component_ref idref="oc-4c9"/>
      </symbol>
      <symbol id="sm-508">
         <name>__mspabi_slll_3</name>
         <value>0xd7fc</value>
         <object_component_ref idref="oc-4c9"/>
      </symbol>
      <symbol id="sm-509">
         <name>__mspabi_slll_2</name>
         <value>0xd800</value>
         <object_component_ref idref="oc-4c9"/>
      </symbol>
      <symbol id="sm-50a">
         <name>__mspabi_slll_1</name>
         <value>0xd804</value>
         <object_component_ref idref="oc-4c9"/>
      </symbol>
      <symbol id="sm-50b">
         <name>__mspabi_slll</name>
         <value>0xdac6</value>
         <object_component_ref idref="oc-52b"/>
      </symbol>
      <symbol id="sm-50c">
         <name>__mspabi_slll_15</name>
         <value>0xd7cc</value>
         <object_component_ref idref="oc-4c9"/>
      </symbol>
      <symbol id="sm-50d">
         <name>__mspabi_slll_14</name>
         <value>0xd7d0</value>
         <object_component_ref idref="oc-4c9"/>
      </symbol>
      <symbol id="sm-50e">
         <name>__mspabi_slll_13</name>
         <value>0xd7d4</value>
         <object_component_ref idref="oc-4c9"/>
      </symbol>
      <symbol id="sm-50f">
         <name>__mspabi_slll_12</name>
         <value>0xd7d8</value>
         <object_component_ref idref="oc-4c9"/>
      </symbol>
      <symbol id="sm-510">
         <name>__mspabi_slll_11</name>
         <value>0xd7dc</value>
         <object_component_ref idref="oc-4c9"/>
      </symbol>
      <symbol id="sm-511">
         <name>__mspabi_slll_10</name>
         <value>0xd7e0</value>
         <object_component_ref idref="oc-4c9"/>
      </symbol>
      <symbol id="sm-536">
         <name>__mspabi_addd</name>
         <value>0xc452</value>
         <object_component_ref idref="oc-4c2"/>
      </symbol>
      <symbol id="sm-557">
         <name>__TI_frcaddd</name>
         <value>0xcc18</value>
         <object_component_ref idref="oc-510"/>
      </symbol>
      <symbol id="sm-567">
         <name>__TI_frcmpyd</name>
         <value>0xc732</value>
         <object_component_ref idref="oc-4b5"/>
      </symbol>
      <symbol id="sm-57b">
         <name>__TI_renormd</name>
         <value>0xd250</value>
         <object_component_ref idref="oc-53a"/>
      </symbol>
      <symbol id="sm-58b">
         <name>__mspabi_srll_8</name>
         <value>0xd826</value>
         <object_component_ref idref="oc-507"/>
      </symbol>
      <symbol id="sm-58c">
         <name>__mspabi_srll_9</name>
         <value>0xd822</value>
         <object_component_ref idref="oc-507"/>
      </symbol>
      <symbol id="sm-58d">
         <name>__mspabi_srll_6</name>
         <value>0xd82e</value>
         <object_component_ref idref="oc-507"/>
      </symbol>
      <symbol id="sm-58e">
         <name>__mspabi_srll_7</name>
         <value>0xd82a</value>
         <object_component_ref idref="oc-507"/>
      </symbol>
      <symbol id="sm-58f">
         <name>__mspabi_srll_4</name>
         <value>0xd836</value>
         <object_component_ref idref="oc-507"/>
      </symbol>
      <symbol id="sm-590">
         <name>__mspabi_srll_5</name>
         <value>0xd832</value>
         <object_component_ref idref="oc-507"/>
      </symbol>
      <symbol id="sm-591">
         <name>__mspabi_srll_2</name>
         <value>0xd83e</value>
         <object_component_ref idref="oc-507"/>
      </symbol>
      <symbol id="sm-592">
         <name>__mspabi_srll_3</name>
         <value>0xd83a</value>
         <object_component_ref idref="oc-507"/>
      </symbol>
      <symbol id="sm-593">
         <name>__mspabi_srll_1</name>
         <value>0xd842</value>
         <object_component_ref idref="oc-507"/>
      </symbol>
      <symbol id="sm-594">
         <name>__mspabi_srll_15</name>
         <value>0xd80a</value>
         <object_component_ref idref="oc-507"/>
      </symbol>
      <symbol id="sm-595">
         <name>__mspabi_srll_14</name>
         <value>0xd80e</value>
         <object_component_ref idref="oc-507"/>
      </symbol>
      <symbol id="sm-596">
         <name>__mspabi_srll_13</name>
         <value>0xd812</value>
         <object_component_ref idref="oc-507"/>
      </symbol>
      <symbol id="sm-597">
         <name>__mspabi_srll_12</name>
         <value>0xd816</value>
         <object_component_ref idref="oc-507"/>
      </symbol>
      <symbol id="sm-598">
         <name>__mspabi_srll_11</name>
         <value>0xd81a</value>
         <object_component_ref idref="oc-507"/>
      </symbol>
      <symbol id="sm-599">
         <name>__mspabi_srll_10</name>
         <value>0xd81e</value>
         <object_component_ref idref="oc-507"/>
      </symbol>
      <symbol id="sm-59a">
         <name>__mspabi_srll</name>
         <value>0xdad6</value>
         <object_component_ref idref="oc-530"/>
      </symbol>
   </symbol_table>
   <title>Link successful</title>
</link_info>
